Failure - unexpected exit code - expected: 2, actual: 1
